// Jest Snapshot v1, https://goo.gl/fbAQLP

exports[`should render expense page correctly 1`] = `
<div>
  <h1>
    Expensify App | Edit
  </h1>
  <ExpenseForm
    expense={
      Object {
        "amount": 100,
        "createdAt": -345600000,
        "description": "Gum",
        "id": "2",
        "note": "My chewing Gum for reading",
      }
    }
    onSubmit={[Function]}
  />
  <button
    onClick={[Function]}
  >
    Remove
  </button>
</div>
`;
