// Jest Snapshot v1, https://goo.gl/fbAQLP

exports[`should render ExpenseList correctly with empty expenseList 1`] = `
<div
  className="content-container"
>
  <div
    className="list-header"
  >
    <div
      className="show-for-mobile"
    >
      Expenses
    </div>
    <div
      className="show-for-desktop"
    >
      Expense
    </div>
    <div
      className="show-for-desktop"
    >
      Amount
    </div>
  </div>
  <div
    className="list-body"
  >
    <div
      className="list-item list-item--message"
    >
      <span>
        No Expense to show
      </span>
    </div>
  </div>
</div>
`;

exports[`should render ExpenseList with expenses correctly 1`] = `
<div
  className="content-container"
>
  <div
    className="list-header"
  >
    <div
      className="show-for-mobile"
    >
      Expenses
    </div>
    <div
      className="show-for-desktop"
    >
      Expense
    </div>
    <div
      className="show-for-desktop"
    >
      Amount
    </div>
  </div>
  <div
    className="list-body"
  >
    <div>
      <Connect(ExpenseListItem)
        amount={5000}
        createdAt={0}
        description="Rent"
        id="1"
        key="1"
        note="My Rent for March"
      />
      <Connect(ExpenseListItem)
        amount={100}
        createdAt={-345600000}
        description="Gum"
        id="2"
        key="2"
        note="My chewing Gum for reading"
      />
      <Connect(ExpenseListItem)
        amount={500}
        createdAt={345600000}
        description="Coffee"
        id="3"
        key="3"
        note="My early morning coffee"
      />
    </div>
  </div>
</div>
`;
